
> noble-trust-bank@1.0.0 build
> tsc && vite build

[low_level_alloc.cc : 584] RAW: Check new_pages != nullptr failed: VirtualAlloc failed
